main.c:75:13:question_mode	64	static
main.c:90:13:answer_received_mode	56	static
main.c:109:13:judge_mode	56	static
main.c:128:5:main	8	static
main.c:206:6:SystemClock_Config	72	static
main.c:245:13:MX_TIM2_Init	32	static
main.c:290:13:MX_USART1_UART_Init	8	static
main.c:323:13:MX_USART2_UART_Init	8	static
main.c:356:13:MX_GPIO_Init	40	static
main.c:423:6:HAL_TIM_PeriodElapsedCallback	16	static
main.c:434:6:HAL_UART_RxCpltCallback	16	static
main.c:481:6:Error_Handler	4	static,ignoring_inline_asm
